file,entropy,tokensCount
/Role.java,1.9033747911453247,1423
/ArgumentImpl.java,3.3368499279022217,1763
