file,entropy,tokensCount
/Role.java,2.5342535972595215,3916
/ArgumentImpl.java,4.198486804962158,1711
